Right argument of type LightBulb does not match expected type int for operator PLUS
