No method named a5 found for class A6
The operand types, null and int, are not compatible for equality comparison
