Variable args is not declared.
In MiniJava, System.out.println only takes an int.  The expression has type null
