Cannot assign type int to variable a3 of type boolean
