Superclass name DoesNotExist not in scope.
Class named Point already exists.
Class named Point already exists.
