Cannot assign type int to variable a of type bool
