Condition for if statement is of type int instead of boolean
