Left argument of type null does not match expected type boolean for operator OR
