Cannot find class named C
Variable this is not declared.
Cannot instantiate undeclared class named C
