Actual return type boolean of method start does not match declared type int
