Cannot assign type int to variable x of type boolean
