Actual return type int of method foo does not match declared type Blob
