Cannot assign type Foo to variable bar of type Foo2
