Variable arg is not declared.
Cannot assign type null to variable z of type boolean
