Cannot find class named bool
Cannot overload methods.  Method bad has different type signature than inherited method of the same name.
Actual return type boolean of method bad does not match declared type bool
