The variable x is already declared in the current scope.
