The class variable avar is already declared.  Redeclaration and shadowing are not allowed.
