Right argument of type int does not match expected type boolean for operator AND
