Argument type int is incompatible with formal parameter type boolean
