Cannot assign type AClass to variable b of type AnotherClass
