Left argument of type boolean does not match expected type int for operator PLUS
