Cannot overload methods.  Method ossifrage has different type signature than inherited method of the same name.
