Cannot overload methods.  Method self has different type signature than inherited method of the same name.
