Cannot assign type boolean to variable b of type int
