Actual return type boolean of method method does not match declared type int
