Cannot assign type int to variable hasCartoonishMascot of type boolean
