Left argument of type int does not match expected type boolean for operator OR
Right argument of type int does not match expected type boolean for operator OR
