The variable a is already declared in the current scope.
The variable b is already declared in the current scope.
The variable a is already declared in the current scope.
The variable b is already declared in the current scope.
