Superclass name Foo not in scope.
Superclass name Foo not in scope.
