Cannot overload methods.  Method start has different type signature than inherited method of the same name.
