Cannot assign type boolean to variable x of type int
