ID, Yep
Operator, !
ID, Totally
ID, empty
Delimiter, .
