Integer, 100
Operator, +
Delimiter, ;
Integer, 300
Operator, -
Integer, 600
Delimiter, ;
Integer, 11
Operator, *
Integer, 22
Delimiter, ;
Integer, 55
Operator, /
Integer, 11
Delimiter, ;
Delimiter, ;
Delimiter, ;
Delimiter, ;
Delimiter, ;
Integer, 70
Operator, <
Integer, 80
Operator, <
Integer, 90
Operator, <
Integer, 100
Operator, <
Integer, 100
Operator, <=
Delimiter, ;
Delimiter, ;
Delimiter, ;
Integer, 100
Operator, >=
Integer, 100
Operator, >
Integer, 90
Operator, >
Integer, 80
Operator, >
Integer, 70
Operator, >
Integer, 60
Delimiter, ;
Integer, 5
Operator, ==
Integer, 6
Delimiter, ;
Integer, 7
Operator, ==
Integer, 8
Delimiter, ;
Integer, 42
Operator, ==
Integer, 42
Delimiter, ;
Integer, 42
Operator, !=
Integer, 0
Delimiter, ;
Integer, 55
Operator, !=
Integer, 55
Delimiter, ;
Integer, 1
Operator, &&
Integer, 1
Delimiter, ;
Integer, 0
Operator, &&
Integer, 1
Delimiter, ;
Integer, 2
Operator, ||
Integer, 2
Delimiter, ;
Integer, 1
Operator, ||
Integer, 0
Delimiter, ;
Operator, !
Integer, 1
Delimiter, ;
Operator, !
Integer, 0
Delimiter, ;
