ReservedWord, class
ID, Trivial
Delimiter, {
ReservedWord, public
ReservedWord, static
ReservedWord, void
ReservedWord, main
Delimiter, (
ReservedWord, String
Delimiter, [
Delimiter, ]
ID, args
Delimiter, )
Delimiter, {
ReservedWord, boolean
ID, taut
Delimiter, =
ReservedWord, true
Delimiter, ;
ReservedWord, int
ID, declared_int
Delimiter, =
Integer, 12345
Delimiter, ;
ReservedWord, while
Delimiter, (
ID, taut
Delimiter, )
Delimiter {
ID, declared_int
Delimiter, =
ID, declared_int
Operator, +
Integer, 1
Delimiter, }
ReservedWord, return
Integer, 0
Delimiter, }
Delimiter, }
