ReservedWord, public
ReservedWord, class
ID, GCD
Delimiter, {
ReservedWord, public
ReservedWord, static
ReservedWord, int
ID, getGCD
Delimiter, (
ReservedWord, int
ID, a
Delimiter, ,
ReservedWord, int
ID, b
Delimiter, )
Delimiter, {
ReservedWord, System.out.println
Delimiter, (
Delimiter, (
Operator, +
ID, ab
Operator, +
Delimiter, )
Delimiter, )
Delimiter, ;
ReservedWord, if
Delimiter, (
ID, b
Operator, ==
Integer, 0
Delimiter, )
ReservedWord, return
ID, a
Delimiter, ;
ReservedWord, int
ID, temp
Delimiter, =
ID, ab
Delimiter, ;
ID, a
Delimiter, =
ID, b
Delimiter, ;
ID, b
Delimiter, =
ID, temp
Delimiter, ;
ReservedWord, return
ID, getGCD
Delimiter, (
ID, a
Delimiter, ,
ID, b
Delimiter, )
Delimiter, ;
Delimiter, }
