ReservedWord, class
ID, Class
Delimiter, {
ReservedWord, int
ID, func
Delimiter, (
ReservedWord, int
ID, input
Delimiter, )
Delimiter, {
ReservedWord, if
Delimiter, (
ID, input
Operator, <=
Integer, 0
Delimiter, )
Delimiter, {
ReservedWord, return
Integer, 1
Delimiter, }
ReservedWord, else
Delimiter, {
ReservedWord, return
ID, input
Operator, *
ID, func
Delimiter, (
ID, input
Operator, -
Integer, 2
Delimiter, )
Delimiter, ;
Delimiter, }
Delimiter, }
ReservedWord, public
ReservedWord, static
ReservedWord, void
ReservedWord, main
Delimiter, (
ReservedWord, String
Delimiter, [
Delimiter, ]
ID, args
Delimiter, )
Delimiter, {
ReservedWord, int
ID, var
Delimiter, =
ID, func
Delimiter, (
Integer, 123
Delimiter, )
Delimiter, ;
ReservedWord, if
Delimiter, (
Delimiter, (
ID, var
Operator, ==
Integer, 1
Delimiter, )
Operator, ==
ReservedWord, true
Delimiter, )
Delimiter, {
ReservedWord, while
Delimiter, (
ID, var
Operator, >
Integer, 1
Delimiter, )
Delimiter, {
ReservedWord, System.out.println
Delimiter, (
ID, var
Delimiter, )
Delimiter, ;
ID, var
Delimiter, =
ID, var
Operator, -
Integer, 1
Delimiter, ;
Delimiter, }
Delimiter, }
Delimiter, }
Delimiter, }
