ReservedWord, public
ReservedWord, static
ReservedWord, String
ID, getGCD
Delimiter, (
ReservedWord, String
ID, a
Delimiter, ,
ReservedWord, String
ID, b
Delimiter, )
Delimiter, {
ReservedWord, System.out.println
Delimiter, (
Delimiter, (
Operator, +
ID, a
Operator, +
Delimiter, ,
Operator, +
ID, b
Operator, +
Delimiter, )
Delimiter, )
Delimiter, ;
ReservedWord, if
Delimiter, (
ID, b
Delimiter, .
ID, equals
Delimiter, (
Integer, 0
Delimiter, )
Delimiter, )
ReservedWord, return
ID, a
Delimiter, ;
ReservedWord, String
ID, temp
Delimiter, =
ID, StringMath
Delimiter, .
ID, mod
Delimiter, (
ID, a
Delimiter, ,
ID, b
Delimiter, )
Delimiter, ;
ID, a
Delimiter, =
ID, b
Delimiter, ;
ID, b
Delimiter, =
ID, temp
Delimiter, ;
ReservedWord, return
ID, getGCD
Delimiter, (
ID, b
Delimiter, ,
ID, temp
Delimiter, )
Delimiter, ;
Delimiter, }
ReservedWord, public
ReservedWord, static
ReservedWord, void
ReservedWord, main
Delimiter, (
ReservedWord, String
ID, args
Delimiter, [
Delimiter, ]
Delimiter, )
Delimiter, {
ReservedWord, int
ID, prod
Delimiter, =
Integer, 52
Operator, *
Integer, 60
Delimiter, ;
ReservedWord, int
ID, e
Delimiter, =
Integer, 17
Delimiter, ;
ReservedWord, System.out.println
Delimiter, (
Integer, 4626
Delimiter, )
Delimiter, ;
Delimiter, }
Delimiter, }
